// Jest Snapshot v1, https://goo.gl/fbAQLP

exports[`Home Page component should match the snapshot 1`] = `<DocumentFragment />`;
