// Jest Snapshot v1, https://goo.gl/fbAQLP

exports[`Breadcrumb should match the snapshot 1`] = `
<DocumentFragment>
  <nav>
    <ul
      class="breadcrumb"
    >
      <li>
        Category 1
        <svg
          aria-hidden="true"
          class="MuiSvgIcon-root MuiSvgIcon-fontSize14px css-821wyw-MuiSvgIcon-root"
          data-testid="ArrowForwardIosIcon"
          focusable="false"
          viewBox="0 0 24 24"
        >
          <path
            d="M6.23 20.23 8 22l10-10L8 2 6.23 3.77 14.46 12z"
          />
        </svg>
      </li>
      <li>
        Category 2
        <svg
          aria-hidden="true"
          class="MuiSvgIcon-root MuiSvgIcon-fontSize14px css-821wyw-MuiSvgIcon-root"
          data-testid="ArrowForwardIosIcon"
          focusable="false"
          viewBox="0 0 24 24"
        >
          <path
            d="M6.23 20.23 8 22l10-10L8 2 6.23 3.77 14.46 12z"
          />
        </svg>
      </li>
      <li>
        Category 3
      </li>
    </ul>
  </nav>
</DocumentFragment>
`;
