// Jest Snapshot v1, https://goo.gl/fbAQLP

exports[`Loader component should match the snapshot 1`] = `
<DocumentFragment>
  <div
    class="loader-container"
  >
    <div
      class="loader"
      data-testid="loader"
    />
  </div>
</DocumentFragment>
`;
